<object-stream>
<org.drools.core.audit.WorkingMemoryLog>
  <version>6.1</version>
  <events>
    <org.drools.core.audit.event.ActivationLogEvent>
      <type>4</type>
      <activationId>Which type of book are you looking for? [0]</activationId>
      <rule>Which type of book are you looking for?</rule>
      <declarations></declarations>
      <factHandleIds>0</factHandleIds>
    </org.drools.core.audit.event.ActivationLogEvent>
    <org.drools.core.audit.event.ActivationLogEvent>
      <type>6</type>
      <activationId>Which type of book are you looking for? [0]</activationId>
      <rule>Which type of book are you looking for?</rule>
      <declarations></declarations>
      <factHandleIds>0</factHandleIds>
    </org.drools.core.audit.event.ActivationLogEvent>
    <org.drools.core.audit.event.ObjectLogEvent>
      <type>1</type>
      <factId>1</factId>
      <objectToString>Pytanie( trescPytania=Which type of book are you looking for?, odpowiedz=Fantasy )</objectToString>
    </org.drools.core.audit.event.ObjectLogEvent>
    <org.drools.core.audit.event.ActivationLogEvent>
      <type>7</type>
      <activationId>Which type of book are you looking for? [0]</activationId>
      <rule>Which type of book are you looking for?</rule>
      <declarations></declarations>
      <factHandleIds>0</factHandleIds>
    </org.drools.core.audit.event.ActivationLogEvent>
    <org.drools.core.audit.event.ActivationLogEvent>
      <type>4</type>
      <activationId>Up for a fairy tale? [1]</activationId>
      <rule>Up for a fairy tale?</rule>
      <declarations></declarations>
      <factHandleIds>1</factHandleIds>
    </org.drools.core.audit.event.ActivationLogEvent>
    <org.drools.core.audit.event.ActivationLogEvent>
      <type>6</type>
      <activationId>Up for a fairy tale? [1]</activationId>
      <rule>Up for a fairy tale?</rule>
      <declarations></declarations>
      <factHandleIds>1</factHandleIds>
    </org.drools.core.audit.event.ActivationLogEvent>
    <org.drools.core.audit.event.ObjectLogEvent>
      <type>1</type>
      <factId>2</factId>
      <objectToString>Pytanie( trescPytania=Up for a fairy tale?, odpowiedz=Yes, why mess with a classic formula )</objectToString>
    </org.drools.core.audit.event.ObjectLogEvent>
    <org.drools.core.audit.event.ActivationLogEvent>
      <type>7</type>
      <activationId>Up for a fairy tale? [1]</activationId>
      <rule>Up for a fairy tale?</rule>
      <declarations></declarations>
      <factHandleIds>1</factHandleIds>
    </org.drools.core.audit.event.ActivationLogEvent>
    <org.drools.core.audit.event.ActivationLogEvent>
      <type>4</type>
      <activationId>Fairy Tale Fork : Yes [2]</activationId>
      <rule>Fairy Tale Fork : Yes</rule>
      <declarations></declarations>
      <factHandleIds>2</factHandleIds>
    </org.drools.core.audit.event.ActivationLogEvent>
    <org.drools.core.audit.event.ActivationLogEvent>
      <type>6</type>
      <activationId>Fairy Tale Fork : Yes [2]</activationId>
      <rule>Fairy Tale Fork : Yes</rule>
      <declarations></declarations>
      <factHandleIds>2</factHandleIds>
    </org.drools.core.audit.event.ActivationLogEvent>
    <org.drools.core.audit.event.ObjectLogEvent>
      <type>1</type>
      <factId>3</factId>
      <objectToString>Pytanie( trescPytania=Wybierz:, odpowiedz=A gritty, existential fable )</objectToString>
    </org.drools.core.audit.event.ObjectLogEvent>
    <org.drools.core.audit.event.ActivationLogEvent>
      <type>7</type>
      <activationId>Fairy Tale Fork : Yes [2]</activationId>
      <rule>Fairy Tale Fork : Yes</rule>
      <declarations></declarations>
      <factHandleIds>2</factHandleIds>
    </org.drools.core.audit.event.ActivationLogEvent>
    <org.drools.core.audit.event.ActivationLogEvent>
      <type>4</type>
      <activationId>Recommend: The buried Giant [3]</activationId>
      <rule>Recommend: The buried Giant</rule>
      <declarations></declarations>
      <factHandleIds>3</factHandleIds>
    </org.drools.core.audit.event.ActivationLogEvent>
    <org.drools.core.audit.event.ActivationLogEvent>
      <type>6</type>
      <activationId>Recommend: The buried Giant [3]</activationId>
      <rule>Recommend: The buried Giant</rule>
      <declarations></declarations>
      <factHandleIds>3</factHandleIds>
    </org.drools.core.audit.event.ActivationLogEvent>
    <org.drools.core.audit.event.ActivationLogEvent>
      <type>7</type>
      <activationId>Recommend: The buried Giant [3]</activationId>
      <rule>Recommend: The buried Giant</rule>
      <declarations></declarations>
      <factHandleIds>3</factHandleIds>
    </org.drools.core.audit.event.ActivationLogEvent>
  </events>
</org.drools.core.audit.WorkingMemoryLog>
</object-stream>
